../Core/Src/GameHandling.c:18:6:Game_Init	8	static
../Core/Src/GameHandling.c:30:6:Display_Start_Screen	16	static
../Core/Src/GameHandling.c:49:6:Draw_Tetris_Grid	16	static
../Core/Src/GameHandling.c:66:6:Gameplay	16	static
../Core/Src/GameHandling.c:92:6:RotateEvent	8	static
../Core/Src/GameHandling.c:105:6:MoveLeftEvent	8	static
../Core/Src/GameHandling.c:113:6:MoveRightEvent	8	static
../Core/Src/GameHandling.c:121:6:MoveBlockDownEvent	8	static
../Core/Src/GameHandling.c:132:6:Check_Game_Over	16	static
../Core/Src/GameHandling.c:145:6:Display_End_Screen	32	static
../Core/Src/GameHandling.c:203:9:clearTetrisRows	64	static
